Γû▓ Next.js 16.1.6 (Turbopack)
- Environments: .env.local

node.exe : ΓÜá The "middleware" file convention is dep
recated. Please use "proxy" instead. Learn more: https
://nextjs.org/docs/messages/middleware-to-proxy
At line:1 char:1
+ & "C:\Program Files\nodejs/node.exe" "C:\Program Fil
es\nodejs/node_mo ...
+ ~~~~~~~~~~~~~~~~~~~~~~~~~~~~~~~~~~~~~~~~~~~~~~~~~~~~
~~~~~~~~~~~~~~~~~
    + CategoryInfo          : NotSpecified: (ΓÜá The  
   "middle...leware-to-proxy:String) [], RemoteExcep  
  tion
    + FullyQualifiedErrorId : NativeCommandError
 
  Creating an optimized production build ...
Γ£ô Compiled successfully in 5.9s
  Running TypeScript ...
  Collecting page data using 7 workers ...
  Generating static pages using 7 workers (0/17) ...
  Generating static pages using 7 workers (4/17) 
  Generating static pages using 7 workers (8/17) 
  Generating static pages using 7 workers (12/17) 
Γ£ô Generating static pages using 7 workers (17/17) in 827.7ms
  Finalizing page optimization ...

Route (app)
Γöî Γùï /
Γö£ Γùï /_not-found
Γö£ Γùï /analysis
Γö£ Γùï /analysis/consent
Γö£ Γùï /analysis/media
Γö£ Γùï /analysis/processing
Γö£ Γùï /analysis/result
Γö£ ╞Æ /api/analyze-face
Γö£ Γùï /consent
Γö£ Γùï /doctor/leads
Γö£ ╞Æ /doctor/leads/[id]
Γö£ ╞Æ /doctor/leads/[id]/report
Γö£ Γùï /doctor/login
Γö£ Γùï /privacy
Γöö ΓùÅ /treatments/[slug]
  Γö£ /treatments/botox
  Γö£ /treatments/filler
  Γöö /treatments/mesotherapy


╞Æ Proxy (Middleware)

Γùï  (Static)   prerendered as static content
ΓùÅ  (SSG)      prerendered as static HTML (uses generateStaticParams)
╞Æ  (Dynamic)  server-rendered on demand

